// Jest Snapshot v1, https://goo.gl/fbAQLP

exports[`render expense list item 1`] = `
<div>
  <Link
    to="/edit/0"
  >
    <h3>
      hola
    </h3>
  </Link>
  <p>
    2,321 $
     - 
    31 12 69
  </p>
</div>
`;
